// Jest Snapshot v1, https://goo.gl/fbAQLP

exports[`Component render Component 1`] = `
<input
  placeholder="lol"
  type="text"
  value=""
/>
`;
